// 重构日志: a6347f03
// 重构日志: c4d3364b
// 重构日志: 7645fc50
// 重构日志: 55fa4455
// 同步 ID: f1e514cb @ Tue Jul 28 16:25:47 UTC 2026
// 同步 ID: cecc1dfd @ Tue Jul 28 18:19:37 UTC 2026
// 同步 ID: 99f56dea @ Thu Jul 30 12:06:15 UTC 2026
// 重构日志: 9df64750
// 重构日志: 6ec838ac
// 同步 ID: bfbf236f @ Sun Aug  2 07:00:13 UTC 2026
// 同步 ID: dd547faa @ Sun Aug  2 15:31:23 UTC 2026
// 重构日志: f27c6e81
// 重构日志: 2ccd8273
// 重构日志: 3cb3c132
// 同步 ID: c8888e07 @ Tue Aug  4 07:24:16 UTC 2026
// 同步 ID: 23bf3c53 @ Tue Aug  4 12:43:44 UTC 2026
// 重构日志: 9fd4433b
// 重构日志: 3b5a8afd
// 重构日志: cc4d2b92
// 同步 ID: a728659d @ Thu Aug  6 12:23:48 UTC 2026
// 重构日志: eb2b26d2
// 重构日志: b0e6f6b1
// 重构日志: f308b84e
// 同步 ID: 953e4a3d @ Sat Aug  8 06:42:08 UTC 2026
// 同步 ID: e458665d @ Sat Aug  8 08:08:55 UTC 2026
// 重构日志: 0d88ecf5
// 重构日志: 58881877
// 同步 ID: f5f78695 @ Sat Aug  8 16:58:59 UTC 2026
// 重构日志: 864f7cc9
// 同步 ID: 881d834d @ Sat Aug  8 20:18:04 UTC 2026
